// Jest Snapshot v1, https://goo.gl/fbAQLP

exports[`Render new reset-password templates Default 1`] = `
"<!doctype html><html xmlns=\\"http://www.w3.org/1999/xhtml\\" xmlns:v=\\"urn:schemas-microsoft-com:vml\\" xmlns:o=\\"urn:schemas-microsoft-com:office:office\\"><head><title></title><!--[if !mso]><!-- --><meta http-equiv=\\"X-UA-Compatible\\" content=\\"IE=edge\\"><!--<![endif]--><meta http-equiv=\\"Content-Type\\" content=\\"text/html; charset=UTF-8\\"><meta name=\\"viewport\\" content=\\"width=device-width,initial-scale=1\\"><style type=\\"text/css\\">#outlook a { padding:0; }
          body { margin:0;padding:0;-webkit-text-size-adjust:100%;-ms-text-size-adjust:100%; }
          table, td { border-collapse:collapse;mso-table-lspace:0pt;mso-table-rspace:0pt; }
          img { border:0;height:auto;line-height:100%; outline:none;text-decoration:none;-ms-interpolation-mode:bicubic; }
          p { display:block;margin:13px 0; }</style><!--[if mso]>
        <xml>
        <o:OfficeDocumentSettings>
          <o:AllowPNG/>
          <o:PixelsPerInch>96</o:PixelsPerInch>
        </o:OfficeDocumentSettings>
        </xml>
        <![endif]--><!--[if lte mso 11]>
        <style type=\\"text/css\\">
          .mj-outlook-group-fix { width:100% !important; }
        </style>
        <![endif]--><style type=\\"text/css\\">@media only screen and (min-width:576px) {
        .mj-column-per-100 { width:100% !important; max-width: 100%; }
.mj-column-px-120 { width:120px !important; max-width: 120px; }
      }</style><style type=\\"text/css\\">@media only screen and (max-width:576px) {
      table.mj-full-width-mobile { width: 100% !important; }
      td.mj-full-width-mobile { width: auto !important; }
    }</style></head><body style=\\"background-color:white;\\"><div style=\\"background-color:white;\\"><!--[if mso | IE]><table align=\\"center\\" border=\\"0\\" cellpadding=\\"0\\" cellspacing=\\"0\\" class=\\"\\" style=\\"width:616px;\\" width=\\"616\\" ><tr><td style=\\"line-height:0px;font-size:0px;mso-line-height-rule:exactly;\\"><v:rect style=\\"width:616px;\\" xmlns:v=\\"urn:schemas-microsoft-com:vml\\" fill=\\"true\\" stroke=\\"false\\"><v:fill origin=\\"0.5, 0\\" position=\\"0.5, 0\\" src=\\"http://localhost:3000/static/templates/basic/bg.jpg\\" color=\\"white\\" type=\\"tile\\" size=\\"616px\\" aspect=\\"atmost\\" /><v:textbox style=\\"mso-fit-shape-to-text:true\\" inset=\\"0,0,0,0\\"><![endif]--><div style=\\"background:white url(http://localhost:3000/static/templates/basic/bg.jpg) center top / 616px repeat;background-position:center top;background-repeat:repeat;background-size:616px;margin:0px auto;max-width:616px;\\"><div style=\\"line-height:0;font-size:0;\\"><table align=\\"center\\" background=\\"http://localhost:3000/static/templates/basic/bg.jpg\\" border=\\"0\\" cellpadding=\\"0\\" cellspacing=\\"0\\" role=\\"presentation\\" style=\\"background:white url(http://localhost:3000/static/templates/basic/bg.jpg) center top / 616px repeat;background-position:center top;background-repeat:repeat;background-size:616px;width:100%;\\"><tbody><tr><td style=\\"direction:ltr;font-size:0px;padding:0px;padding-bottom:32px;padding-left:40px;padding-right:40px;padding-top:32px;text-align:center;\\"><!--[if mso | IE]><table role=\\"presentation\\" border=\\"0\\" cellpadding=\\"0\\" cellspacing=\\"0\\"><tr><td class=\\"\\" style=\\"vertical-align:top;width:536px;\\" ><![endif]--><div class=\\"mj-column-per-100 mj-outlook-group-fix\\" style=\\"font-size:0px;text-align:left;direction:ltr;display:inline-block;vertical-align:top;width:100%;\\"><table border=\\"0\\" cellpadding=\\"0\\" cellspacing=\\"0\\" role=\\"presentation\\" width=\\"100%\\"><tbody><tr><td style=\\"vertical-align:top;padding:0px;\\"><table border=\\"0\\" cellpadding=\\"0\\" cellspacing=\\"0\\" role=\\"presentation\\" width=\\"100%\\"><tr><td align=\\"left\\" style=\\"font-size:0px;padding:0px;word-break:break-word;\\"><table border=\\"0\\" cellpadding=\\"0\\" cellspacing=\\"0\\" role=\\"presentation\\" style=\\"border-collapse:collapse;border-spacing:0px;\\"><tbody><tr><td style=\\"width:90px;\\"><img height=\\"auto\\" src=\\"http://localhost:3000/static/liker-land-logo.png\\" style=\\"border:0;display:block;outline:none;text-decoration:none;height:auto;width:100%;font-size:14px;\\" width=\\"90\\"></td></tr></tbody></table></td></tr></table></td></tr></tbody></table></div><!--[if mso | IE]></td></tr></table><![endif]--></td></tr></tbody></table></div></div><!--[if mso | IE]></v:textbox></v:rect></td></tr></table><table align=\\"center\\" border=\\"0\\" cellpadding=\\"0\\" cellspacing=\\"0\\" class=\\"\\" style=\\"width:616px;\\" width=\\"616\\" ><tr><td style=\\"line-height:0px;font-size:0px;mso-line-height-rule:exactly;\\"><v:rect style=\\"width:616px;\\" xmlns:v=\\"urn:schemas-microsoft-com:vml\\" fill=\\"true\\" stroke=\\"false\\"><v:fill origin=\\"0.5, 0\\" position=\\"0.5, 0\\" src=\\"http://localhost:3000/static/templates/basic/header-top.jpg\\" color=\\"white\\" type=\\"tile\\" size=\\"616px\\" aspect=\\"atmost\\" /><v:textbox style=\\"mso-fit-shape-to-text:true\\" inset=\\"0,0,0,0\\"><![endif]--><div style=\\"background:white url(http://localhost:3000/static/templates/basic/header-top.jpg) center top / 616px repeat;background-position:center top;background-repeat:repeat;background-size:616px;margin:0px auto;max-width:616px;\\"><div style=\\"line-height:0;font-size:0;\\"><table align=\\"center\\" background=\\"http://localhost:3000/static/templates/basic/header-top.jpg\\" border=\\"0\\" cellpadding=\\"0\\" cellspacing=\\"0\\" role=\\"presentation\\" style=\\"background:white url(http://localhost:3000/static/templates/basic/header-top.jpg) center top / 616px repeat;background-position:center top;background-repeat:repeat;background-size:616px;width:100%;\\"><tbody><tr><td style=\\"direction:ltr;font-size:0px;padding:0px;padding-bottom:0px;padding-left:0px;padding-right:0px;padding-top:0px;text-align:center;\\"><!--[if mso | IE]><table role=\\"presentation\\" border=\\"0\\" cellpadding=\\"0\\" cellspacing=\\"0\\"><tr><td class=\\"\\" style=\\"vertical-align:top;width:120px;\\" ><![endif]--><div class=\\"mj-column-px-120 mj-outlook-group-fix\\" style=\\"font-size:0px;text-align:left;direction:ltr;display:inline-block;vertical-align:top;width:100%;\\"><table border=\\"0\\" cellpadding=\\"0\\" cellspacing=\\"0\\" role=\\"presentation\\" width=\\"100%\\"><tbody><tr><td style=\\"vertical-align:top;padding:0px;padding-right:0px;padding-left:0px;\\"><table border=\\"0\\" cellpadding=\\"0\\" cellspacing=\\"0\\" role=\\"presentation\\" width=\\"100%\\"><tr><td align=\\"center\\" style=\\"font-size:0px;padding:0px;word-break:break-word;\\"><table border=\\"0\\" cellpadding=\\"0\\" cellspacing=\\"0\\" role=\\"presentation\\" style=\\"border-collapse:collapse;border-spacing:0px;\\"><tbody><tr><td style=\\"width:120px;\\"><img height=\\"120\\" src=\\"http://localhost:3000/static/security.png\\" style=\\"border:0;border-radius:60px;display:block;outline:none;text-decoration:none;height:120px;width:100%;font-size:14px;\\" width=\\"120\\"></td></tr></tbody></table></td></tr></table></td></tr></tbody></table></div><!--[if mso | IE]></td></tr></table><![endif]--></td></tr></tbody></table></div></div><!--[if mso | IE]></v:textbox></v:rect></td></tr></table><table align=\\"center\\" border=\\"0\\" cellpadding=\\"0\\" cellspacing=\\"0\\" class=\\"\\" style=\\"width:616px;\\" width=\\"616\\" ><tr><td style=\\"line-height:0px;font-size:0px;mso-line-height-rule:exactly;\\"><v:rect style=\\"width:616px;\\" xmlns:v=\\"urn:schemas-microsoft-com:vml\\" fill=\\"true\\" stroke=\\"false\\"><v:fill origin=\\"0.5, 0\\" position=\\"0.5, 0\\" src=\\"http://localhost:3000/static/templates/basic/header-middle.jpg\\" color=\\"white\\" type=\\"tile\\" size=\\"616px\\" aspect=\\"atmost\\" /><v:textbox style=\\"mso-fit-shape-to-text:true\\" inset=\\"0,0,0,0\\"><![endif]--><div style=\\"background:white url(http://localhost:3000/static/templates/basic/header-middle.jpg) center top / 616px repeat;background-position:center top;background-repeat:repeat;background-size:616px;margin:0px auto;max-width:616px;\\"><div style=\\"line-height:0;font-size:0;\\"><table align=\\"center\\" background=\\"http://localhost:3000/static/templates/basic/header-middle.jpg\\" border=\\"0\\" cellpadding=\\"0\\" cellspacing=\\"0\\" role=\\"presentation\\" style=\\"background:white url(http://localhost:3000/static/templates/basic/header-middle.jpg) center top / 616px repeat;background-position:center top;background-repeat:repeat;background-size:616px;width:100%;\\"><tbody><tr><td style=\\"direction:ltr;font-size:0px;padding:0px;padding-bottom:16px;padding-left:40px;padding-right:40px;padding-top:16px;text-align:center;\\"><!--[if mso | IE]><table role=\\"presentation\\" border=\\"0\\" cellpadding=\\"0\\" cellspacing=\\"0\\"><tr><td class=\\"\\" style=\\"vertical-align:top;width:536px;\\" ><![endif]--><div class=\\"mj-column-per-100 mj-outlook-group-fix\\" style=\\"font-size:0px;text-align:left;direction:ltr;display:inline-block;vertical-align:top;width:100%;\\"><table border=\\"0\\" cellpadding=\\"0\\" cellspacing=\\"0\\" role=\\"presentation\\" width=\\"100%\\"><tbody><tr><td style=\\"vertical-align:top;padding:0px;\\"><table border=\\"0\\" cellpadding=\\"0\\" cellspacing=\\"0\\" role=\\"presentation\\" width=\\"100%\\"><tr><td align=\\"center\\" style=\\"font-size:0px;padding:0px;padding-top:16px;word-break:break-word;\\"><div style=\\"font-family:Arial;font-size:36px;line-height:1.5;text-align:center;color:#28646e;\\">Reset Password Instruction</div></td></tr></table></td></tr></tbody></table></div><!--[if mso | IE]></td></tr></table><![endif]--></td></tr></tbody></table></div></div><!--[if mso | IE]></v:textbox></v:rect></td></tr></table><table align=\\"center\\" border=\\"0\\" cellpadding=\\"0\\" cellspacing=\\"0\\" class=\\"\\" style=\\"width:616px;\\" width=\\"616\\" ><tr><td style=\\"line-height:0px;font-size:0px;mso-line-height-rule:exactly;\\"><v:rect style=\\"width:616px;\\" xmlns:v=\\"urn:schemas-microsoft-com:vml\\" fill=\\"true\\" stroke=\\"false\\"><v:fill origin=\\"0.5, 0\\" position=\\"0.5, 0\\" src=\\"http://localhost:3000/static/templates/basic/header-bottom.jpg\\" color=\\"white\\" type=\\"tile\\" size=\\"616px\\" aspect=\\"atmost\\" /><v:textbox style=\\"mso-fit-shape-to-text:true\\" inset=\\"0,0,0,0\\"><![endif]--><div style=\\"background:white url(http://localhost:3000/static/templates/basic/header-bottom.jpg) center top / 616px repeat;background-position:center top;background-repeat:repeat;background-size:616px;margin:0px auto;max-width:616px;\\"><div style=\\"line-height:0;font-size:0;\\"><table align=\\"center\\" background=\\"http://localhost:3000/static/templates/basic/header-bottom.jpg\\" border=\\"0\\" cellpadding=\\"0\\" cellspacing=\\"0\\" role=\\"presentation\\" style=\\"background:white url(http://localhost:3000/static/templates/basic/header-bottom.jpg) center top / 616px repeat;background-position:center top;background-repeat:repeat;background-size:616px;width:100%;\\"><tbody><tr><td style=\\"direction:ltr;font-size:0px;padding:0px;padding-bottom:0px;padding-left:0px;padding-right:0px;padding-top:0px;text-align:center;\\"><!--[if mso | IE]><table role=\\"presentation\\" border=\\"0\\" cellpadding=\\"0\\" cellspacing=\\"0\\"><tr><td class=\\"\\" style=\\"vertical-align:top;width:616px;\\" ><![endif]--><div class=\\"mj-column-per-100 mj-outlook-group-fix\\" style=\\"font-size:0px;text-align:left;direction:ltr;display:inline-block;vertical-align:top;width:100%;\\"><table border=\\"0\\" cellpadding=\\"0\\" cellspacing=\\"0\\" role=\\"presentation\\" width=\\"100%\\"><tbody><tr><td style=\\"vertical-align:top;padding:0px;\\"><table border=\\"0\\" cellpadding=\\"0\\" cellspacing=\\"0\\" role=\\"presentation\\" width=\\"100%\\"><tr><td style=\\"font-size:0px;padding:0px;word-break:break-word;\\"><!--[if mso | IE]><table role=\\"presentation\\" border=\\"0\\" cellpadding=\\"0\\" cellspacing=\\"0\\"><tr><td height=\\"8\\" style=\\"height:8px;\\"><![endif]--><div style=\\"height:8px;\\">&nbsp;</div><!--[if mso | IE]></td></tr></table><![endif]--></td></tr></table></td></tr></tbody></table></div><!--[if mso | IE]></td></tr></table><![endif]--></td></tr></tbody></table></div></div><!--[if mso | IE]></v:textbox></v:rect></td></tr></table><table align=\\"center\\" border=\\"0\\" cellpadding=\\"0\\" cellspacing=\\"0\\" class=\\"\\" style=\\"width:616px;\\" width=\\"616\\" ><tr><td style=\\"line-height:0px;font-size:0px;mso-line-height-rule:exactly;\\"><v:rect style=\\"width:616px;\\" xmlns:v=\\"urn:schemas-microsoft-com:vml\\" fill=\\"true\\" stroke=\\"false\\"><v:fill origin=\\"0.5, 0\\" position=\\"0.5, 0\\" src=\\"http://localhost:3000/static/templates/basic/bg.jpg\\" color=\\"white\\" type=\\"tile\\" size=\\"616px\\" aspect=\\"atmost\\" /><v:textbox style=\\"mso-fit-shape-to-text:true\\" inset=\\"0,0,0,0\\"><![endif]--><div style=\\"background:white url(http://localhost:3000/static/templates/basic/bg.jpg) center top / 616px repeat;background-position:center top;background-repeat:repeat;background-size:616px;margin:0px auto;max-width:616px;\\"><div style=\\"line-height:0;font-size:0;\\"><table align=\\"center\\" background=\\"http://localhost:3000/static/templates/basic/bg.jpg\\" border=\\"0\\" cellpadding=\\"0\\" cellspacing=\\"0\\" role=\\"presentation\\" style=\\"background:white url(http://localhost:3000/static/templates/basic/bg.jpg) center top / 616px repeat;background-position:center top;background-repeat:repeat;background-size:616px;width:100%;\\"><tbody><tr><td style=\\"direction:ltr;font-size:0px;padding:0px;padding-bottom:0px;padding-left:40px;padding-right:40px;padding-top:32px;text-align:center;\\"><!--[if mso | IE]><table role=\\"presentation\\" border=\\"0\\" cellpadding=\\"0\\" cellspacing=\\"0\\"><tr><td class=\\"\\" style=\\"vertical-align:top;width:536px;\\" ><![endif]--><div class=\\"mj-column-per-100 mj-outlook-group-fix\\" style=\\"font-size:0px;text-align:left;direction:ltr;display:inline-block;vertical-align:top;width:100%;\\"><table border=\\"0\\" cellpadding=\\"0\\" cellspacing=\\"0\\" role=\\"presentation\\" width=\\"100%\\"><tbody><tr><td style=\\"vertical-align:top;padding:0px;\\"><table border=\\"0\\" cellpadding=\\"0\\" cellspacing=\\"0\\" role=\\"presentation\\" width=\\"100%\\"><tr><td align=\\"left\\" style=\\"font-size:0px;padding:0px;word-break:break-word;\\"><div style=\\"font-family:Arial;font-size:18px;line-height:1.5;text-align:left;color:#4a4a4a;\\">Hi {display_name},<br><br>You can continue reset password through this button</div></td></tr></table></td></tr></tbody></table></div><!--[if mso | IE]></td></tr></table><![endif]--></td></tr></tbody></table></div></div><!--[if mso | IE]></v:textbox></v:rect></td></tr></table><table align=\\"center\\" border=\\"0\\" cellpadding=\\"0\\" cellspacing=\\"0\\" class=\\"\\" style=\\"width:616px;\\" width=\\"616\\" ><tr><td style=\\"line-height:0px;font-size:0px;mso-line-height-rule:exactly;\\"><v:rect style=\\"width:616px;\\" xmlns:v=\\"urn:schemas-microsoft-com:vml\\" fill=\\"true\\" stroke=\\"false\\"><v:fill origin=\\"0.5, 0\\" position=\\"0.5, 0\\" src=\\"http://localhost:3000/static/templates/basic/bg.jpg\\" color=\\"white\\" type=\\"tile\\" size=\\"616px\\" aspect=\\"atmost\\" /><v:textbox style=\\"mso-fit-shape-to-text:true\\" inset=\\"0,0,0,0\\"><![endif]--><div style=\\"background:white url(http://localhost:3000/static/templates/basic/bg.jpg) center top / 616px repeat;background-position:center top;background-repeat:repeat;background-size:616px;margin:0px auto;max-width:616px;\\"><div style=\\"line-height:0;font-size:0;\\"><table align=\\"center\\" background=\\"http://localhost:3000/static/templates/basic/bg.jpg\\" border=\\"0\\" cellpadding=\\"0\\" cellspacing=\\"0\\" role=\\"presentation\\" style=\\"background:white url(http://localhost:3000/static/templates/basic/bg.jpg) center top / 616px repeat;background-position:center top;background-repeat:repeat;background-size:616px;width:100%;\\"><tbody><tr><td style=\\"direction:ltr;font-size:0px;padding:0px;padding-bottom:0px;padding-left:40px;padding-right:40px;padding-top:18px;text-align:center;\\"><!--[if mso | IE]><table role=\\"presentation\\" border=\\"0\\" cellpadding=\\"0\\" cellspacing=\\"0\\"><tr><td class=\\"\\" style=\\"vertical-align:top;width:536px;\\" ><![endif]--><div class=\\"mj-column-per-100 mj-outlook-group-fix\\" style=\\"font-size:0px;text-align:left;direction:ltr;display:inline-block;vertical-align:top;width:100%;\\"><table border=\\"0\\" cellpadding=\\"0\\" cellspacing=\\"0\\" role=\\"presentation\\" width=\\"100%\\"><tbody><tr><td style=\\"vertical-align:top;padding:0px;\\"><table border=\\"0\\" cellpadding=\\"0\\" cellspacing=\\"0\\" role=\\"presentation\\" width=\\"100%\\"><tr><td align=\\"center\\" vertical-align=\\"middle\\" style=\\"font-size:0px;padding:0px;word-break:break-word;\\"><table border=\\"0\\" cellpadding=\\"0\\" cellspacing=\\"0\\" role=\\"presentation\\" style=\\"border-collapse:separate;width:256px;line-height:100%;\\"><tr><td align=\\"center\\" bgcolor=\\"#aaf1e7\\" role=\\"presentation\\" style=\\"border:none;border-radius:12px;cursor:auto;mso-padding-alt:10px 25px;background:#aaf1e7;\\" valign=\\"middle\\"><a href=\\"{reset_password_link}\\" style=\\"display:inline-block;width:206px;background:#aaf1e7;color:#28646e;font-family:Arial;font-size:14px;font-weight:normal;line-height:120%;margin:0;text-decoration:none;text-transform:none;padding:10px 25px;mso-padding-alt:0px;border-radius:12px;\\" target=\\"_blank\\">Reset password</a></td></tr></table></td></tr></table></td></tr></tbody></table></div><!--[if mso | IE]></td></tr></table><![endif]--></td></tr></tbody></table></div></div><!--[if mso | IE]></v:textbox></v:rect></td></tr></table><table align=\\"center\\" border=\\"0\\" cellpadding=\\"0\\" cellspacing=\\"0\\" class=\\"\\" style=\\"width:616px;\\" width=\\"616\\" ><tr><td style=\\"line-height:0px;font-size:0px;mso-line-height-rule:exactly;\\"><v:rect style=\\"width:616px;\\" xmlns:v=\\"urn:schemas-microsoft-com:vml\\" fill=\\"true\\" stroke=\\"false\\"><v:fill origin=\\"0.5, 0\\" position=\\"0.5, 0\\" src=\\"http://localhost:3000/static/templates/basic/bg.jpg\\" color=\\"white\\" type=\\"tile\\" size=\\"616px\\" aspect=\\"atmost\\" /><v:textbox style=\\"mso-fit-shape-to-text:true\\" inset=\\"0,0,0,0\\"><![endif]--><div style=\\"background:white url(http://localhost:3000/static/templates/basic/bg.jpg) center top / 616px repeat;background-position:center top;background-repeat:repeat;background-size:616px;margin:0px auto;max-width:616px;\\"><div style=\\"line-height:0;font-size:0;\\"><table align=\\"center\\" background=\\"http://localhost:3000/static/templates/basic/bg.jpg\\" border=\\"0\\" cellpadding=\\"0\\" cellspacing=\\"0\\" role=\\"presentation\\" style=\\"background:white url(http://localhost:3000/static/templates/basic/bg.jpg) center top / 616px repeat;background-position:center top;background-repeat:repeat;background-size:616px;width:100%;\\"><tbody><tr><td style=\\"direction:ltr;font-size:0px;padding:0px;padding-bottom:0px;padding-left:40px;padding-right:40px;padding-top:10px;text-align:center;\\"><!--[if mso | IE]><table role=\\"presentation\\" border=\\"0\\" cellpadding=\\"0\\" cellspacing=\\"0\\"><tr><td class=\\"\\" style=\\"vertical-align:top;width:536px;\\" ><![endif]--><div class=\\"mj-column-per-100 mj-outlook-group-fix\\" style=\\"font-size:0px;text-align:left;direction:ltr;display:inline-block;vertical-align:top;width:100%;\\"><table border=\\"0\\" cellpadding=\\"0\\" cellspacing=\\"0\\" role=\\"presentation\\" width=\\"100%\\"><tbody><tr><td style=\\"vertical-align:top;padding:0px;\\"><table border=\\"0\\" cellpadding=\\"0\\" cellspacing=\\"0\\" role=\\"presentation\\" width=\\"100%\\"><tr><td align=\\"center\\" style=\\"font-size:0px;padding:0px;padding-top:0px;word-break:break-word;\\"><div style=\\"font-family:Arial;font-size:14px;line-height:1.5;text-align:center;color:#9b9b9b;\\">Didn’t request this email?<br>Your address may have been entered by mistake.<br>Simply ignore this email and nothing further will happen.</div></td></tr></table></td></tr></tbody></table></div><!--[if mso | IE]></td></tr></table><![endif]--></td></tr></tbody></table></div></div><!--[if mso | IE]></v:textbox></v:rect></td></tr></table><table align=\\"center\\" border=\\"0\\" cellpadding=\\"0\\" cellspacing=\\"0\\" class=\\"\\" style=\\"width:616px;\\" width=\\"616\\" ><tr><td style=\\"line-height:0px;font-size:0px;mso-line-height-rule:exactly;\\"><v:rect style=\\"width:616px;\\" xmlns:v=\\"urn:schemas-microsoft-com:vml\\" fill=\\"true\\" stroke=\\"false\\"><v:fill origin=\\"0.5, 0\\" position=\\"0.5, 0\\" src=\\"http://localhost:3000/static/templates/basic/bg.jpg\\" color=\\"white\\" type=\\"tile\\" size=\\"616px\\" aspect=\\"atmost\\" /><v:textbox style=\\"mso-fit-shape-to-text:true\\" inset=\\"0,0,0,0\\"><![endif]--><div style=\\"background:white url(http://localhost:3000/static/templates/basic/bg.jpg) center top / 616px repeat;background-position:center top;background-repeat:repeat;background-size:616px;margin:0px auto;max-width:616px;\\"><div style=\\"line-height:0;font-size:0;\\"><table align=\\"center\\" background=\\"http://localhost:3000/static/templates/basic/bg.jpg\\" border=\\"0\\" cellpadding=\\"0\\" cellspacing=\\"0\\" role=\\"presentation\\" style=\\"background:white url(http://localhost:3000/static/templates/basic/bg.jpg) center top / 616px repeat;background-position:center top;background-repeat:repeat;background-size:616px;width:100%;\\"><tbody><tr><td style=\\"direction:ltr;font-size:0px;padding:0px;padding-bottom:32px;padding-left:16px;padding-right:16px;padding-top:32px;text-align:center;\\"><!--[if mso | IE]><table role=\\"presentation\\" border=\\"0\\" cellpadding=\\"0\\" cellspacing=\\"0\\"><tr><td class=\\"\\" style=\\"vertical-align:top;width:584px;\\" ><![endif]--><div class=\\"mj-column-per-100 mj-outlook-group-fix\\" style=\\"font-size:0px;text-align:left;direction:ltr;display:inline-block;vertical-align:top;width:100%;\\"><table border=\\"0\\" cellpadding=\\"0\\" cellspacing=\\"0\\" role=\\"presentation\\" width=\\"100%\\"><tbody><tr><td style=\\"vertical-align:top;padding:0px;\\"><table border=\\"0\\" cellpadding=\\"0\\" cellspacing=\\"0\\" role=\\"presentation\\" width=\\"100%\\"><tr><td align=\\"center\\" style=\\"font-size:0px;padding:0px;padding-bottom:16px;word-break:break-word;\\"><table border=\\"0\\" cellpadding=\\"0\\" cellspacing=\\"0\\" role=\\"presentation\\" style=\\"border-collapse:collapse;border-spacing:0px;\\"><tbody><tr><td style=\\"width:400px;\\"><img alt=\\"Liker Land App\\" height=\\"auto\\" src=\\"http://localhost:3000/static/banners/cta-app/en.png\\" style=\\"border:0;display:block;outline:none;text-decoration:none;height:auto;width:100%;font-size:14px;\\" width=\\"400\\"></td></tr></tbody></table></td></tr><tr><td align=\\"center\\" style=\\"font-size:0px;padding:0px;padding-right:24px;padding-left:24px;word-break:break-word;\\"><!--[if mso | IE]><table align=\\"center\\" border=\\"0\\" cellpadding=\\"0\\" cellspacing=\\"0\\" role=\\"presentation\\" ><tr><td><![endif]--><table align=\\"center\\" border=\\"0\\" cellpadding=\\"0\\" cellspacing=\\"0\\" role=\\"presentation\\" style=\\"float:none;display:inline-table;\\"><tr><td style=\\"padding:8px;vertical-align:middle;\\"><table border=\\"0\\" cellpadding=\\"0\\" cellspacing=\\"0\\" role=\\"presentation\\" style=\\"border-radius:3px;width:106px;\\"><tr><td style=\\"font-size:0;height:35px;vertical-align:middle;width:106px;\\"><a href=\\"https://likecoin.page.link/likerland?utm_medium=email&amp;utm_source=email\\" target=\\"_blank\\"><img height=\\"35\\" src=\\"http://localhost:3000/static/badges/app-store.png\\" style=\\"border-radius:3px;display:block;\\" width=\\"106\\"></a></td></tr></table></td></tr></table><!--[if mso | IE]></td><td><![endif]--><table align=\\"center\\" border=\\"0\\" cellpadding=\\"0\\" cellspacing=\\"0\\" role=\\"presentation\\" style=\\"float:none;display:inline-table;\\"><tr><td style=\\"padding:8px;vertical-align:middle;\\"><table border=\\"0\\" cellpadding=\\"0\\" cellspacing=\\"0\\" role=\\"presentation\\" style=\\"border-radius:3px;width:119px;\\"><tr><td style=\\"font-size:0;height:35px;vertical-align:middle;width:119px;\\"><a href=\\"https://likecoin.page.link/likerland?utm_medium=email&amp;utm_source=email\\" target=\\"_blank\\"><img height=\\"35\\" src=\\"http://localhost:3000/static/badges/google-play.png\\" style=\\"border-radius:3px;display:block;\\" width=\\"119\\"></a></td></tr></table></td></tr></table><!--[if mso | IE]></td></tr></table><![endif]--></td></tr></table></td></tr></tbody></table></div><!--[if mso | IE]></td></tr></table><![endif]--></td></tr></tbody></table></div></div><!--[if mso | IE]></v:textbox></v:rect></td></tr></table><table align=\\"center\\" border=\\"0\\" cellpadding=\\"0\\" cellspacing=\\"0\\" class=\\"\\" style=\\"width:616px;\\" width=\\"616\\" ><tr><td style=\\"line-height:0px;font-size:0px;mso-line-height-rule:exactly;\\"><![endif]--><div style=\\"background:white;background-color:white;margin:0px auto;max-width:616px;\\"><table align=\\"center\\" border=\\"0\\" cellpadding=\\"0\\" cellspacing=\\"0\\" role=\\"presentation\\" style=\\"background:white;background-color:white;width:100%;\\"><tbody><tr><td style=\\"direction:ltr;font-size:0px;padding:0px;padding-bottom:24px;padding-left:40px;padding-right:40px;padding-top:24px;text-align:center;\\"><!--[if mso | IE]><table role=\\"presentation\\" border=\\"0\\" cellpadding=\\"0\\" cellspacing=\\"0\\"><tr><td class=\\"\\" style=\\"vertical-align:top;width:536px;\\" ><![endif]--><div class=\\"mj-column-per-100 mj-outlook-group-fix\\" style=\\"font-size:0px;text-align:left;direction:ltr;display:inline-block;vertical-align:top;width:100%;\\"><table border=\\"0\\" cellpadding=\\"0\\" cellspacing=\\"0\\" role=\\"presentation\\" width=\\"100%\\"><tbody><tr><td style=\\"vertical-align:top;padding:0px;\\"><table border=\\"0\\" cellpadding=\\"0\\" cellspacing=\\"0\\" role=\\"presentation\\" width=\\"100%\\"><tr><td align=\\"center\\" style=\\"background:white;font-size:0px;padding:0px;padding-top:8px;padding-bottom:8px;word-break:break-word;\\"><!--[if mso | IE]><table align=\\"center\\" border=\\"0\\" cellpadding=\\"0\\" cellspacing=\\"0\\" role=\\"presentation\\" ><tr><td><![endif]--><table align=\\"center\\" border=\\"0\\" cellpadding=\\"0\\" cellspacing=\\"0\\" role=\\"presentation\\" style=\\"float:none;display:inline-table;\\"><tr><td style=\\"padding:6px;vertical-align:middle;\\"><table border=\\"0\\" cellpadding=\\"0\\" cellspacing=\\"0\\" role=\\"presentation\\" style=\\"border-radius:24px;width:28px;\\"><tr><td style=\\"font-size:0;height:28px;vertical-align:middle;width:28px;\\"><a href=\\"https://discord.gg/W4DQ6peZZZ\\" target=\\"_blank\\"><img height=\\"28\\" src=\\"http://localhost:3000/static/social-elements/discord.png\\" style=\\"border-radius:24px;display:block;\\" width=\\"28\\"></a></td></tr></table></td></tr></table><!--[if mso | IE]></td><td><![endif]--><table align=\\"center\\" border=\\"0\\" cellpadding=\\"0\\" cellspacing=\\"0\\" role=\\"presentation\\" style=\\"float:none;display:inline-table;\\"><tr><td style=\\"padding:6px;vertical-align:middle;\\"><table border=\\"0\\" cellpadding=\\"0\\" cellspacing=\\"0\\" role=\\"presentation\\" style=\\"border-radius:24px;width:28px;\\"><tr><td style=\\"font-size:0;height:28px;vertical-align:middle;width:28px;\\"><a href=\\"https://medium.com/likecoin\\" target=\\"_blank\\"><img height=\\"28\\" src=\\"http://localhost:3000/static/social-elements/medium.png\\" style=\\"border-radius:24px;display:block;\\" width=\\"28\\"></a></td></tr></table></td></tr></table><!--[if mso | IE]></td><td><![endif]--><table align=\\"center\\" border=\\"0\\" cellpadding=\\"0\\" cellspacing=\\"0\\" role=\\"presentation\\" style=\\"float:none;display:inline-table;\\"><tr><td style=\\"padding:6px;vertical-align:middle;\\"><table border=\\"0\\" cellpadding=\\"0\\" cellspacing=\\"0\\" role=\\"presentation\\" style=\\"border-radius:24px;width:28px;\\"><tr><td style=\\"font-size:0;height:28px;vertical-align:middle;width:28px;\\"><a href=\\"https://twitter.com/likecoin\\" target=\\"_blank\\"><img height=\\"28\\" src=\\"http://localhost:3000/static/social-elements/twitter.png\\" style=\\"border-radius:24px;display:block;\\" width=\\"28\\"></a></td></tr></table></td></tr></table><!--[if mso | IE]></td><td><![endif]--><table align=\\"center\\" border=\\"0\\" cellpadding=\\"0\\" cellspacing=\\"0\\" role=\\"presentation\\" style=\\"float:none;display:inline-table;\\"><tr><td style=\\"padding:6px;vertical-align:middle;\\"><table border=\\"0\\" cellpadding=\\"0\\" cellspacing=\\"0\\" role=\\"presentation\\" style=\\"border-radius:24px;width:28px;\\"><tr><td style=\\"font-size:0;height:28px;vertical-align:middle;width:28px;\\"><a href=\\"https://github.com/likecoin\\" target=\\"_blank\\"><img height=\\"28\\" src=\\"http://localhost:3000/static/social-elements/github.png\\" style=\\"border-radius:24px;display:block;\\" width=\\"28\\"></a></td></tr></table></td></tr></table><!--[if mso | IE]></td><td><![endif]--><table align=\\"center\\" border=\\"0\\" cellpadding=\\"0\\" cellspacing=\\"0\\" role=\\"presentation\\" style=\\"float:none;display:inline-table;\\"><tr><td style=\\"padding:6px;vertical-align:middle;\\"><table border=\\"0\\" cellpadding=\\"0\\" cellspacing=\\"0\\" role=\\"presentation\\" style=\\"border-radius:24px;width:28px;\\"><tr><td style=\\"font-size:0;height:28px;vertical-align:middle;width:28px;\\"><a href=\\"https://www.facebook.com/groups/likecoin\\" target=\\"_blank\\"><img height=\\"28\\" src=\\"http://localhost:3000/static/social-elements/facebook.png\\" style=\\"border-radius:24px;display:block;\\" width=\\"28\\"></a></td></tr></table></td></tr></table><!--[if mso | IE]></td></tr></table><![endif]--></td></tr><tr><td align=\\"center\\" style=\\"font-size:0px;padding:4px;word-break:break-word;\\"><div style=\\"font-family:Arial;font-size:14px;line-height:1.5;text-align:center;color:#4a4a4a;\\"><a href=\\"https://docs.like.co?utm_medium=email&amp;utm_source=email\\" target=\\"_blank\\" rel=\\"noreferrer noopener\\" style=\\"color:#28646e;text-decoration:underline\\">Help Center</a></div></td></tr><tr><td align=\\"center\\" style=\\"font-size:0px;padding:4px;word-break:break-word;\\"><div style=\\"font-family:Arial;font-size:14px;line-height:1.5;text-align:center;color:#4a4a4a;\\"><a href=\\"https://like.co/in/settings/others?utm_medium=email&amp;utm_source=email\\" target=\\"_blank\\" rel=\\"noreferrer noopener\\" style=\\"color:#28646e;text-decoration:underline\\">Unsubscribe</a></div></td></tr></table></td></tr></tbody></table></div><!--[if mso | IE]></td></tr></table><![endif]--></td></tr></tbody></table></div><!--[if mso | IE]></td></tr></table><![endif]--></div></body></html>"
`;
